Connecting to 127.0.0.1
Can't use SSL_get_servername
depth=0 CN=tandem-spike-server
verify error:num=18:self-signed certificate
verify return:1
depth=0 CN=tandem-spike-server
verify return:1
CONNECTED(00000003)
---
Certificate chain
 0 s:CN=tandem-spike-server
   i:CN=tandem-spike-server
   a:PKEY: EC, (prime256v1); sigalg: ecdsa-with-SHA256
   v:NotBefore: Sep 24 14:45:44 2026 GMT; NotAfter: Sep 26 14:45:44 2026 GMT
---
Server certificate
-----BEGIN CERTIFICATE-----
MIIBkTCCATegAwIBAgIUZjAja3TrxS+IQLnDQJzfuCsI+YQwCgYIKoZIzj0EAwIw
HjEcMBoGA1UEAwwTdGFuZGVtLXNwaWtlLXNlcnZlcjAeFw0yNjA5MjQxNDQ1NDRa
Fw0yNjA5MjYxNDQ1NDRaMB4xHDAaBgNVBAMME3RhbmRlbS1zcGlrZS1zZXJ2ZXIw
WTATBgcqhkjOPQIBBggqhkjOPQMBBwNCAAQLoASEBwXE5bxQMmKc927jSsCvrHuu
7NC42tx0eBQY2a85WQ/oMOZwoUFMNmt6pXCWAq2y8t3u4pZPYdCySz6Oo1MwUTAd
BgNVHQ4EFgQUbQtOZdPZ2dMweAqRkzr5RjKS7YUwHwYDVR0jBBgwFoAUbQtOZdPZ
2dMweAqRkzr5RjKS7YUwDwYDVR0TAQH/BAUwAwEB/zAKBggqhkjOPQQDAgNIADBF
AiEAmcH+5LwDeI8woX1xr7lSF+5iAVUm8mUM2nk+hkL3Q+0CIDTSH6mlVYrd6Y7E
3whVnx9/j95neSuimK0Jqv+FheWW
-----END CERTIFICATE-----
subject=CN=tandem-spike-server
issuer=CN=tandem-spike-server
---
No client certificate CA names sent
Requested Signature Algorithms: ECDSA+SHA256:RSA-PSS+SHA256:RSA+SHA256:ECDSA+SHA384:RSA-PSS+SHA384:RSA-PSS+SHA384:RSA+SHA384:RSA-PSS+SHA512:RSA+SHA512:RSA+SHA1
Shared Requested Signature Algorithms: ECDSA+SHA256:RSA-PSS+SHA256:RSA+SHA256:ECDSA+SHA384:RSA-PSS+SHA384:RSA-PSS+SHA384:RSA+SHA384:RSA-PSS+SHA512:RSA+SHA512
Peer signing digest: SHA256
Peer signature type: ecdsa_secp256r1_sha256
Negotiated TLS1.3 group: X25519MLKEM768
---
SSL handshake has read 1845 bytes and written 2096 bytes
Verification error: self-signed certificate
---
New, TLSv1.3, Cipher is TLS_AES_256_GCM_SHA384
Protocol: TLSv1.3
Server public key is 256 bit
This TLS version forbids renegotiation.
Compression: NONE
Expansion: NONE
ALPN protocol: tandem/1
Early data was not sent
Verify return code: 18 (self-signed certificate)
---
DONE
