Connecting to 127.0.0.1
809D7EF801000000:error:0A00042E:SSL routines:ssl3_read_bytes:tlsv1 alert protocol version:ssl/record/rec_layer_s3.c:918:SSL alert number 70
CONNECTED(00000003)
---
no peer certificate available
---
No client certificate CA names sent
---
SSL handshake has read 7 bytes and written 204 bytes
Verification: OK
---
New, (NONE), Cipher is (NONE)
Protocol: TLSv1.2
Secure Renegotiation IS NOT supported
Compression: NONE
Expansion: NONE
No ALPN negotiated
SSL-Session:
    Protocol  : TLSv1.2
    Cipher    : 0000
    Session-ID: 
    Session-ID-ctx: 
    Master-Key: 
    PSK identity: None
    PSK identity hint: None
    SRP username: None
    Start Time: 1790261202
    Timeout   : 7200 (sec)
    Verify return code: 0 (ok)
    Extended master secret: no
---
809D7EF801000000:error:0A000197:SSL routines:SSL_shutdown:shutdown while in init:ssl/ssl_lib.c:2804:
